
> esporteid-next@0.1.0 build
> next build --webpack

▲ Next.js 16.2.4 (webpack)
- Environments: .env.local
- Experiments (use with caution):
  · optimizePackageImports
  · serverActions
  · staleTimes

⚠ The "middleware" file convention is deprecated. Please use "proxy" instead. Learn more: https://nextjs.org/docs/messages/middleware-to-proxy
  Creating an optimized production build ...
✓ Compiled successfully in 113s
  Running TypeScript ...
